// Jest Snapshot v1, https://goo.gl/fbAQLP

exports[`Card creator Renders correctly 1`] = `
<a
  className="sc-bdfBwQ czeCVk"
  href="/video/undefined"
  onClick={[Function]}
>
  <div
    className="sc-gsTCUz dKMgDE"
    data-testid="card_div"
  >
    <div
      className="video-image"
      data-testid="video-image"
    >
      <img
        alt=""
        data-testid="card_img"
        src="https://i.ytimg.com/vi/zClI9OjgKXM/hqdefault.jpg"
      />
    </div>
    <div
      className="video-content"
    >
      <h2
        data-testid="card_h2"
      >
        Video'1
      </h2>
      <p
        data-testid="video_description"
      >
        testDescription
      </p>
    </div>
  </div>
</a>
`;
